set(ATLAS_EXPECTED_ROOT ${ATLAS_TEST_ROOT}/expected)

add_subdirectory(${ATLAS_EXPECTED_ROOT}/glx)

set(ATLAS_EXPECTED_DATA
    ${ATLAS_EXPECTED_GLX_LIST}
    PARENT_SCOPE)
