#version 450 core
#line 2 0

/*
 * Some random comment
 */
#line 6 0
layout(location = 0) in vec4 pos;
#line 7 0

/*
 /*
 * Other comment nested.
 */
#line 12 0

#line 13 0
void main()
#line 14 0
{
#line 15 0
    gl_Position = pos;
#line 16 0
}
